{
  "timestamp": "2024-01-15T10:30:00.000Z",
  "level": "INFO",
  "component": "dependency-management",
  "message": "Fixed missing react-native-svg-transformer dependency causing Metro bundler failure",
  "correlationId": "dep_fix_1705312200000_001",
  "metadata": {
    "operation": "dependency-fix",
    "missingDependency": "react-native-svg-transformer",
    "version": "^1.3.0",
    "impact": "Metro bundler startup failure resolved",
    "filesModified": ["package.json", "metro.config.js"],
    "securityImpact": "none",
    "businessLogicPreserved": true
  }
}

{
  "timestamp": "2024-01-15T10:35:00.000Z",
  "level": "INFO",
  "component": "platform-compatibility",
  "message": "Fixed Windows-specific directory creation issues in Metro configuration",
  "correlationId": "win_fix_1705312400000_002",
  "metadata": {
    "operation": "windows-path-fix",
    "issue": "ENOENT directory creation failures",
    "impact": "Expo development server startup failure resolved",
    "filesModified": ["metro.config.js", "package.json"],
    "securityImpact": "none",
    "businessLogicPreserved": true,
    "platformSpecific": "Windows"
  }
}

{
  "timestamp": "2024-01-15T10:40:00.000Z",
  "level": "INFO",
  "component": "platform-compatibility",
  "message": "Implemented comprehensive Windows Node.js externals handling",
  "correlationId": "win_node_fix_1705312600000_003",
  "metadata": {
    "operation": "node-externals-fix",
    "issue": "Node.js built-in module directory creation failures",
    "impact": "Metro bundler Node.js externals handling resolved",
    "filesModified": ["metro.config.js", "app.config.js", "package.json"],
    "securityImpact": "none",
    "businessLogicPreserved": true,
    "platformSpecific": "Windows",
    "solutions": [
      "Node.js externals directory creation",
      "Platform-specific Metro configuration",
      "Alternative start scripts",
      "Expo app configuration"
    ]
  }
}

{
  "timestamp": "2024-01-15T11:00:00.000Z",
  "level": "INFO",
  "component": "plugin-configuration",
  "message": "Removed expo-router plugin causing PluginError resolution failures",
  "correlationId": "router_fix_1705314000000_004",
  "metadata": {
    "operation": "expo-router-removal",
    "issue": "PluginError: Failed to resolve plugin for module 'expo-router'",
    "impact": "Expo development server startup failure resolved",
    "filesModified": ["app.config.js", "babel.config.js"],
    "securityImpact": "none",
    "businessLogicPreserved": true,
    "navigationSystem": "React Navigation (existing)",
    "removedPlugins": ["expo-router"],
    "removedExperiments": ["typedRoutes"],
    "removedBabelPlugins": [
      "module-resolver",
      "@babel/plugin-proposal-export-namespace-from",
      "@babel/plugin-proposal-optional-chaining",
      "@babel/plugin-proposal-nullish-coalescing-operator"
    ],
    "solution": "Simplified configuration to use only available dependencies"
  }
} 